0 verbose cli C:\Program Files\nodejs\node.exe C:\Program Files\nodejs\node_modules\npm\bin\npm-cli.js
1 info using npm@11.11.0
2 info using node@v24.14.1
3 silly config load:file:C:\Program Files\nodejs\node_modules\npm\npmrc
4 silly config load:file:C:\Users\clash\Prince Jodhan\.npmrc
5 silly config load:file:C:\Users\clash\.npmrc
6 silly config load:file:C:\Users\clash\AppData\Roaming\npm\etc\npmrc
7 verbose title npm install
8 verbose argv "install" "--no-audit" "--no-fund"
9 verbose logfile logs-max:10 dir:C:\Users\clash\Prince Jodhan\npm-cache\_logs\2026-06-29T02_17_12_116Z-
10 verbose logfile C:\Users\clash\Prince Jodhan\npm-cache\_logs\2026-06-29T02_17_12_116Z-debug-0.log
11 silly logfile done cleaning log files
12 silly packumentCache heap:4496293888 maxSize:1124073472 maxEntrySize:562036736
13 silly idealTree buildDeps
14 silly fetch manifest express@^4.21.2
15 silly packumentCache full:https://registry.npmjs.org/express cache-miss
16 http fetch GET 200 https://registry.npmjs.org/npm 211ms
17 http fetch GET 200 https://registry.npmjs.org/express 185ms (cache miss)
18 silly packumentCache full:https://registry.npmjs.org/express set size:undefined disposed:false
19 silly fetch manifest stripe@^17.7.0
20 silly packumentCache full:https://registry.npmjs.org/stripe cache-miss
21 http fetch GET 200 https://registry.npmjs.org/stripe 117ms (cache miss)
22 silly packumentCache full:https://registry.npmjs.org/stripe set size:undefined disposed:false
23 silly placeDep ROOT express@4.22.2 OK for: jodhan-silk-store@1.0.0 want: ^4.21.2
24 silly placeDep ROOT stripe@17.7.0 OK for: jodhan-silk-store@1.0.0 want: ^17.7.0
25 silly fetch manifest qs@~6.15.1
26 silly packumentCache full:https://registry.npmjs.org/qs cache-miss
27 silly fetch manifest depd@2.0.0
28 silly packumentCache full:https://registry.npmjs.org/depd cache-miss
29 silly fetch manifest etag@~1.8.1
30 silly packumentCache full:https://registry.npmjs.org/etag cache-miss
31 silly fetch manifest send@~0.19.0
32 silly packumentCache full:https://registry.npmjs.org/send cache-miss
33 silly fetch manifest vary@~1.1.2
34 silly packumentCache full:https://registry.npmjs.org/vary cache-miss
35 silly fetch manifest debug@2.6.9
36 silly packumentCache full:https://registry.npmjs.org/debug cache-miss
37 silly fetch manifest fresh@~0.5.2
38 silly packumentCache full:https://registry.npmjs.org/fresh cache-miss
39 http fetch GET 200 https://registry.npmjs.org/depd 61ms (cache miss)
40 silly packumentCache full:https://registry.npmjs.org/depd set size:undefined disposed:false
41 silly fetch manifest cookie@~0.7.1
42 silly packumentCache full:https://registry.npmjs.org/cookie cache-miss
43 http fetch GET 200 https://registry.npmjs.org/qs 68ms (cache miss)
44 silly packumentCache full:https://registry.npmjs.org/qs set size:undefined disposed:false
45 silly fetch manifest accepts@~1.3.8
46 silly packumentCache full:https://registry.npmjs.org/accepts cache-miss
47 http fetch GET 200 https://registry.npmjs.org/etag 90ms (cache miss)
48 silly packumentCache full:https://registry.npmjs.org/etag set size:undefined disposed:false
49 silly fetch manifest methods@~1.1.2
50 silly packumentCache full:https://registry.npmjs.org/methods cache-miss
51 http fetch GET 200 https://registry.npmjs.org/vary 95ms (cache miss)
52 silly packumentCache full:https://registry.npmjs.org/vary set size:undefined disposed:false
53 silly fetch manifest type-is@~1.6.18
54 silly packumentCache full:https://registry.npmjs.org/type-is cache-miss
55 http fetch GET 200 https://registry.npmjs.org/cookie 56ms (cache miss)
56 silly packumentCache full:https://registry.npmjs.org/cookie set size:undefined disposed:false
57 silly fetch manifest parseurl@~1.3.3
58 silly packumentCache full:https://registry.npmjs.org/parseurl cache-miss
59 http fetch GET 200 https://registry.npmjs.org/fresh 121ms (cache miss)
60 silly packumentCache full:https://registry.npmjs.org/fresh set size:undefined disposed:false
61 silly fetch manifest statuses@~2.0.1
62 silly packumentCache full:https://registry.npmjs.org/statuses cache-miss
63 http fetch GET 200 https://registry.npmjs.org/accepts 58ms (cache miss)
64 silly packumentCache full:https://registry.npmjs.org/accepts set size:undefined disposed:false
65 silly fetch manifest encodeurl@~2.0.0
66 silly packumentCache full:https://registry.npmjs.org/encodeurl cache-miss
67 http fetch GET 200 https://registry.npmjs.org/send 131ms (cache miss)
68 silly packumentCache full:https://registry.npmjs.org/send set size:undefined disposed:false
69 silly fetch manifest proxy-addr@~2.0.7
70 silly packumentCache full:https://registry.npmjs.org/proxy-addr cache-miss
71 http fetch GET 200 https://registry.npmjs.org/debug 135ms (cache miss)
72 silly packumentCache full:https://registry.npmjs.org/debug set size:undefined disposed:false
73 silly fetch manifest body-parser@~1.20.5
74 silly packumentCache full:https://registry.npmjs.org/body-parser cache-miss
75 http fetch GET 200 https://registry.npmjs.org/methods 53ms (cache miss)
76 silly packumentCache full:https://registry.npmjs.org/methods set size:undefined disposed:false
77 silly fetch manifest escape-html@~1.0.3
78 silly packumentCache full:https://registry.npmjs.org/escape-html cache-miss
79 http fetch GET 200 https://registry.npmjs.org/type-is 54ms (cache miss)
80 silly packumentCache full:https://registry.npmjs.org/type-is set size:undefined disposed:false
81 silly fetch manifest http-errors@~2.0.0
82 silly packumentCache full:https://registry.npmjs.org/http-errors cache-miss
83 http fetch GET 200 https://registry.npmjs.org/parseurl 40ms (cache miss)
84 silly packumentCache full:https://registry.npmjs.org/parseurl set size:undefined disposed:false
85 silly fetch manifest on-finished@~2.4.1
86 silly packumentCache full:https://registry.npmjs.org/on-finished cache-miss
87 http fetch GET 200 https://registry.npmjs.org/encodeurl 46ms (cache miss)
88 silly packumentCache full:https://registry.npmjs.org/encodeurl set size:undefined disposed:false
89 silly fetch manifest safe-buffer@5.2.1
90 silly packumentCache full:https://registry.npmjs.org/safe-buffer cache-miss
91 http fetch GET 200 https://registry.npmjs.org/statuses 63ms (cache miss)
92 silly packumentCache full:https://registry.npmjs.org/statuses set size:undefined disposed:false
93 silly fetch manifest utils-merge@1.0.1
94 silly packumentCache full:https://registry.npmjs.org/utils-merge cache-miss
95 http fetch GET 200 https://registry.npmjs.org/proxy-addr 55ms (cache miss)
96 silly packumentCache full:https://registry.npmjs.org/proxy-addr set size:undefined disposed:false
97 silly fetch manifest content-type@~1.0.4
98 silly packumentCache full:https://registry.npmjs.org/content-type cache-miss
99 http fetch GET 200 https://registry.npmjs.org/escape-html 50ms (cache miss)
100 silly packumentCache full:https://registry.npmjs.org/escape-html set size:undefined disposed:false
101 silly fetch manifest finalhandler@~1.3.1
102 silly packumentCache full:https://registry.npmjs.org/finalhandler cache-miss
103 http fetch GET 200 https://registry.npmjs.org/http-errors 51ms (cache miss)
104 silly packumentCache full:https://registry.npmjs.org/http-errors set size:undefined disposed:false
105 silly fetch manifest range-parser@~1.2.1
106 silly packumentCache full:https://registry.npmjs.org/range-parser cache-miss
107 http fetch GET 200 https://registry.npmjs.org/body-parser 67ms (cache miss)
108 silly packumentCache full:https://registry.npmjs.org/body-parser set size:undefined disposed:false
109 silly fetch manifest serve-static@~1.16.2
110 silly packumentCache full:https://registry.npmjs.org/serve-static cache-miss
111 http fetch GET 200 https://registry.npmjs.org/on-finished 53ms (cache miss)
112 silly packumentCache full:https://registry.npmjs.org/on-finished set size:undefined disposed:false
113 silly fetch manifest array-flatten@1.1.1
114 silly packumentCache full:https://registry.npmjs.org/array-flatten cache-miss
115 http fetch GET 200 https://registry.npmjs.org/safe-buffer 39ms (cache miss)
116 silly packumentCache full:https://registry.npmjs.org/safe-buffer set size:undefined disposed:false
117 silly fetch manifest path-to-regexp@~0.1.12
118 silly packumentCache full:https://registry.npmjs.org/path-to-regexp cache-miss
119 http fetch GET 200 https://registry.npmjs.org/content-type 46ms (cache miss)
120 silly packumentCache full:https://registry.npmjs.org/content-type set size:undefined disposed:false
121 silly fetch manifest setprototypeof@1.2.0
122 silly packumentCache full:https://registry.npmjs.org/setprototypeof cache-miss
123 http fetch GET 200 https://registry.npmjs.org/utils-merge 51ms (cache miss)
124 silly packumentCache full:https://registry.npmjs.org/utils-merge set size:undefined disposed:false
125 silly fetch manifest cookie-signature@~1.0.6
126 silly packumentCache full:https://registry.npmjs.org/cookie-signature cache-miss
127 http fetch GET 200 https://registry.npmjs.org/range-parser 42ms (cache miss)
128 silly packumentCache full:https://registry.npmjs.org/range-parser set size:undefined disposed:false
129 silly fetch manifest merge-descriptors@1.0.3
130 silly packumentCache full:https://registry.npmjs.org/merge-descriptors cache-miss
131 http fetch GET 200 https://registry.npmjs.org/finalhandler 50ms (cache miss)
132 silly packumentCache full:https://registry.npmjs.org/finalhandler set size:undefined disposed:false
133 silly fetch manifest content-disposition@~0.5.4
134 silly packumentCache full:https://registry.npmjs.org/content-disposition cache-miss
135 http fetch GET 200 https://registry.npmjs.org/serve-static 46ms (cache miss)
136 silly packumentCache full:https://registry.npmjs.org/serve-static set size:undefined disposed:false
137 silly fetch manifest qs@^6.11.0
138 silly packumentCache full:https://registry.npmjs.org/qs cache-miss
139 http fetch GET 200 https://registry.npmjs.org/array-flatten 49ms (cache miss)
140 silly packumentCache full:https://registry.npmjs.org/array-flatten set size:undefined disposed:false
141 silly fetch manifest @types/node@>=8.1.0
142 silly packumentCache full:https://registry.npmjs.org/@types%2fnode cache-miss
143 http cache https://registry.npmjs.org/qs 14ms (cache hit)
144 silly packumentCache full:https://registry.npmjs.org/qs set size:360318 disposed:false
145 http fetch GET 200 https://registry.npmjs.org/path-to-regexp 62ms (cache miss)
146 silly packumentCache full:https://registry.npmjs.org/path-to-regexp set size:undefined disposed:false
147 http fetch GET 200 https://registry.npmjs.org/setprototypeof 52ms (cache miss)
148 silly packumentCache full:https://registry.npmjs.org/setprototypeof set size:undefined disposed:false
149 http fetch GET 200 https://registry.npmjs.org/merge-descriptors 45ms (cache miss)
150 silly packumentCache full:https://registry.npmjs.org/merge-descriptors set size:undefined disposed:false
151 http fetch GET 200 https://registry.npmjs.org/content-disposition 45ms (cache miss)
152 silly packumentCache full:https://registry.npmjs.org/content-disposition set size:undefined disposed:false
153 http fetch GET 200 https://registry.npmjs.org/cookie-signature 56ms (cache miss)
154 silly packumentCache full:https://registry.npmjs.org/cookie-signature set size:undefined disposed:false
155 http fetch GET 200 https://registry.npmjs.org/@types%2fnode 221ms (cache miss)
156 silly packumentCache full:https://registry.npmjs.org/@types%2fnode set size:undefined disposed:false
157 silly placeDep ROOT accepts@1.3.8 OK for: express@4.22.2 want: ~1.3.8
158 silly placeDep ROOT array-flatten@1.1.1 OK for: express@4.22.2 want: 1.1.1
159 silly placeDep ROOT body-parser@1.20.5 OK for: express@4.22.2 want: ~1.20.5
160 silly placeDep ROOT content-disposition@0.5.4 OK for: express@4.22.2 want: ~0.5.4
161 silly placeDep ROOT content-type@1.0.5 OK for: express@4.22.2 want: ~1.0.4
162 silly placeDep ROOT cookie@0.7.2 OK for: express@4.22.2 want: ~0.7.1
163 silly placeDep ROOT cookie-signature@1.0.7 OK for: express@4.22.2 want: ~1.0.6
164 silly placeDep ROOT debug@2.6.9 OK for: express@4.22.2 want: 2.6.9
165 silly placeDep ROOT depd@2.0.0 OK for: express@4.22.2 want: 2.0.0
166 silly placeDep ROOT encodeurl@2.0.0 OK for: express@4.22.2 want: ~2.0.0
167 silly placeDep ROOT escape-html@1.0.3 OK for: express@4.22.2 want: ~1.0.3
168 silly placeDep ROOT etag@1.8.1 OK for: express@4.22.2 want: ~1.8.1
169 silly placeDep ROOT finalhandler@1.3.2 OK for: express@4.22.2 want: ~1.3.1
170 silly placeDep ROOT fresh@0.5.2 OK for: express@4.22.2 want: ~0.5.2
171 silly placeDep ROOT http-errors@2.0.1 OK for: express@4.22.2 want: ~2.0.0
172 silly placeDep ROOT merge-descriptors@1.0.3 OK for: express@4.22.2 want: 1.0.3
173 silly placeDep ROOT methods@1.1.2 OK for: express@4.22.2 want: ~1.1.2
174 silly placeDep ROOT on-finished@2.4.1 OK for: express@4.22.2 want: ~2.4.1
175 silly placeDep ROOT parseurl@1.3.3 OK for: express@4.22.2 want: ~1.3.3
176 silly placeDep ROOT path-to-regexp@0.1.13 OK for: express@4.22.2 want: ~0.1.12
177 silly placeDep ROOT proxy-addr@2.0.7 OK for: express@4.22.2 want: ~2.0.7
178 silly placeDep ROOT qs@6.15.3 OK for: express@4.22.2 want: ~6.15.1
179 silly placeDep ROOT range-parser@1.2.1 OK for: express@4.22.2 want: ~1.2.1
180 silly placeDep ROOT safe-buffer@5.2.1 OK for: express@4.22.2 want: 5.2.1
181 silly placeDep ROOT send@0.19.2 OK for: express@4.22.2 want: ~0.19.0
182 silly placeDep ROOT serve-static@1.16.3 OK for: express@4.22.2 want: ~1.16.2
183 silly placeDep ROOT setprototypeof@1.2.0 OK for: express@4.22.2 want: 1.2.0
184 silly placeDep ROOT statuses@2.0.2 OK for: express@4.22.2 want: ~2.0.1
185 silly placeDep ROOT type-is@1.6.18 OK for: express@4.22.2 want: ~1.6.18
186 silly placeDep ROOT utils-merge@1.0.1 OK for: express@4.22.2 want: 1.0.1
187 silly placeDep ROOT vary@1.1.2 OK for: express@4.22.2 want: ~1.1.2
188 silly fetch manifest mime-types@~2.1.34
189 silly packumentCache full:https://registry.npmjs.org/mime-types cache-miss
190 silly fetch manifest negotiator@0.6.3
191 silly packumentCache full:https://registry.npmjs.org/negotiator cache-miss
192 silly fetch manifest bytes@~3.1.2
193 silly packumentCache full:https://registry.npmjs.org/bytes cache-miss
194 silly fetch manifest unpipe@~1.0.0
195 silly packumentCache full:https://registry.npmjs.org/unpipe cache-miss
196 silly fetch manifest destroy@~1.2.0
197 silly packumentCache full:https://registry.npmjs.org/destroy cache-miss
198 silly fetch manifest raw-body@~2.5.3
199 silly packumentCache full:https://registry.npmjs.org/raw-body cache-miss
200 silly fetch manifest iconv-lite@~0.4.24
201 silly packumentCache full:https://registry.npmjs.org/iconv-lite cache-miss
202 http fetch GET 200 https://registry.npmjs.org/negotiator 62ms (cache miss)
203 silly packumentCache full:https://registry.npmjs.org/negotiator set size:undefined disposed:false
204 silly fetch manifest http-errors@~2.0.1
205 silly packumentCache full:https://registry.npmjs.org/http-errors cache-miss
206 http fetch GET 200 https://registry.npmjs.org/unpipe 64ms (cache miss)
207 silly packumentCache full:https://registry.npmjs.org/unpipe set size:undefined disposed:false
208 silly fetch manifest content-type@~1.0.5
209 silly packumentCache full:https://registry.npmjs.org/content-type cache-miss
210 http fetch GET 200 https://registry.npmjs.org/bytes 71ms (cache miss)
211 silly packumentCache full:https://registry.npmjs.org/bytes set size:undefined disposed:false
212 silly fetch manifest ms@2.0.0
213 silly packumentCache full:https://registry.npmjs.org/ms cache-miss
214 http fetch GET 200 https://registry.npmjs.org/mime-types 77ms (cache miss)
215 silly packumentCache full:https://registry.npmjs.org/mime-types set size:undefined disposed:false
216 silly fetch manifest statuses@~2.0.2
217 silly packumentCache full:https://registry.npmjs.org/statuses cache-miss
218 http fetch GET 200 https://registry.npmjs.org/destroy 78ms (cache miss)
219 silly packumentCache full:https://registry.npmjs.org/destroy set size:undefined disposed:false
220 silly fetch manifest inherits@~2.0.4
221 silly packumentCache full:https://registry.npmjs.org/inherits cache-miss
222 http cache https://registry.npmjs.org/http-errors 19ms (cache hit)
223 silly packumentCache full:https://registry.npmjs.org/http-errors set size:71987 disposed:false
224 silly fetch manifest setprototypeof@~1.2.0
225 silly packumentCache full:https://registry.npmjs.org/setprototypeof cache-miss
226 http cache https://registry.npmjs.org/content-type 21ms (cache hit)
227 silly packumentCache full:https://registry.npmjs.org/content-type set size:18994 disposed:false
228 silly fetch manifest statuses@~2.0.2
229 silly packumentCache full:https://registry.npmjs.org/statuses cache-miss
230 http fetch GET 200 https://registry.npmjs.org/iconv-lite 86ms (cache miss)
231 silly packumentCache full:https://registry.npmjs.org/iconv-lite set size:undefined disposed:false
232 silly fetch manifest toidentifier@~1.0.1
233 silly packumentCache full:https://registry.npmjs.org/toidentifier cache-miss
234 http fetch GET 200 https://registry.npmjs.org/raw-body 89ms (cache miss)
235 silly packumentCache full:https://registry.npmjs.org/raw-body set size:undefined disposed:false
236 silly fetch manifest ee-first@1.1.1
237 silly packumentCache full:https://registry.npmjs.org/ee-first cache-miss
238 http cache https://registry.npmjs.org/statuses 24ms (cache hit)
239 silly packumentCache full:https://registry.npmjs.org/statuses set size:37117 disposed:false
240 silly fetch manifest forwarded@0.2.0
241 silly packumentCache full:https://registry.npmjs.org/forwarded cache-miss
242 http cache https://registry.npmjs.org/statuses 19ms (cache hit)
243 silly packumentCache full:https://registry.npmjs.org/statuses set size:37117 disposed:false
244 silly packumentCache full:https://registry.npmjs.org/statuses dispose
245 silly fetch manifest ipaddr.js@1.9.1
246 silly packumentCache full:https://registry.npmjs.org/ipaddr.js cache-miss
247 http cache https://registry.npmjs.org/setprototypeof 23ms (cache hit)
248 silly packumentCache full:https://registry.npmjs.org/setprototypeof set size:14532 disposed:false
249 silly fetch manifest side-channel@^1.1.1
250 silly packumentCache full:https://registry.npmjs.org/side-channel cache-miss
251 http fetch GET 200 https://registry.npmjs.org/inherits 43ms (cache miss)
252 silly packumentCache full:https://registry.npmjs.org/inherits set size:undefined disposed:false
253 silly fetch manifest es-define-property@^1.0.1
254 silly packumentCache full:https://registry.npmjs.org/es-define-property cache-miss
255 http fetch GET 200 https://registry.npmjs.org/ms 56ms (cache miss)
256 silly packumentCache full:https://registry.npmjs.org/ms set size:undefined disposed:false
257 silly fetch manifest ms@2.1.3
258 silly packumentCache full:https://registry.npmjs.org/ms cache-miss
259 http fetch GET 200 https://registry.npmjs.org/ee-first 37ms (cache miss)
260 silly packumentCache full:https://registry.npmjs.org/ee-first set size:undefined disposed:false
261 silly fetch manifest mime@1.6.0
262 silly packumentCache full:https://registry.npmjs.org/mime cache-miss
263 http fetch GET 200 https://registry.npmjs.org/toidentifier 47ms (cache miss)
264 silly packumentCache full:https://registry.npmjs.org/toidentifier set size:undefined disposed:false
265 silly fetch manifest destroy@1.2.0
266 silly packumentCache full:https://registry.npmjs.org/destroy cache-miss
267 http cache https://registry.npmjs.org/ms 26ms (cache hit)
268 silly packumentCache full:https://registry.npmjs.org/ms set size:92208 disposed:false
269 silly fetch manifest mime-types@~2.1.24
270 silly packumentCache full:https://registry.npmjs.org/mime-types cache-miss
271 http cache https://registry.npmjs.org/destroy 22ms (cache hit)
272 silly packumentCache full:https://registry.npmjs.org/destroy set size:15738 disposed:false
273 silly fetch manifest media-typer@0.3.0
274 silly packumentCache full:https://registry.npmjs.org/media-typer cache-miss
275 http fetch GET 200 https://registry.npmjs.org/forwarded 59ms (cache miss)
276 silly packumentCache full:https://registry.npmjs.org/forwarded set size:undefined disposed:false
277 http fetch GET 200 https://registry.npmjs.org/side-channel 59ms (cache miss)
278 silly packumentCache full:https://registry.npmjs.org/side-channel set size:undefined disposed:false
279 http fetch GET 200 https://registry.npmjs.org/ipaddr.js 64ms (cache miss)
280 silly packumentCache full:https://registry.npmjs.org/ipaddr.js set size:undefined disposed:false
281 http fetch GET 200 https://registry.npmjs.org/es-define-property 51ms (cache miss)
282 silly packumentCache full:https://registry.npmjs.org/es-define-property set size:undefined disposed:false
283 http cache https://registry.npmjs.org/mime-types 20ms (cache hit)
284 silly packumentCache full:https://registry.npmjs.org/mime-types set size:139110 disposed:false
285 http fetch GET 200 https://registry.npmjs.org/mime 50ms (cache miss)
286 silly packumentCache full:https://registry.npmjs.org/mime set size:undefined disposed:false
287 http fetch GET 200 https://registry.npmjs.org/media-typer 32ms (cache miss)
288 silly packumentCache full:https://registry.npmjs.org/media-typer set size:undefined disposed:false
289 silly placeDep ROOT mime-types@2.1.35 OK for: accepts@1.3.8 want: ~2.1.34
290 silly placeDep ROOT negotiator@0.6.3 OK for: accepts@1.3.8 want: 0.6.3
291 silly fetch manifest mime-db@1.52.0
292 silly packumentCache full:https://registry.npmjs.org/mime-db cache-miss
293 http fetch GET 200 https://registry.npmjs.org/mime-db 34ms (cache miss)
294 silly packumentCache full:https://registry.npmjs.org/mime-db set size:undefined disposed:false
295 silly placeDep ROOT bytes@3.1.2 OK for: body-parser@1.20.5 want: ~3.1.2
296 silly placeDep ROOT destroy@1.2.0 OK for: body-parser@1.20.5 want: ~1.2.0
297 silly placeDep ROOT iconv-lite@0.4.24 OK for: body-parser@1.20.5 want: ~0.4.24
298 silly placeDep ROOT raw-body@2.5.3 OK for: body-parser@1.20.5 want: ~2.5.3
299 silly placeDep ROOT unpipe@1.0.0 OK for: body-parser@1.20.5 want: ~1.0.0
300 silly fetch manifest safer-buffer@>= 2.1.2 < 3
301 silly packumentCache full:https://registry.npmjs.org/safer-buffer cache-miss
302 http fetch GET 200 https://registry.npmjs.org/safer-buffer 38ms (cache miss)
303 silly packumentCache full:https://registry.npmjs.org/safer-buffer set size:undefined disposed:false
304 silly placeDep ROOT ms@2.0.0 OK for: debug@2.6.9 want: 2.0.0
305 silly placeDep ROOT inherits@2.0.4 OK for: http-errors@2.0.1 want: ~2.0.4
306 silly placeDep ROOT toidentifier@1.0.1 OK for: http-errors@2.0.1 want: ~1.0.1
307 silly placeDep ROOT safer-buffer@2.1.2 OK for: iconv-lite@0.4.24 want: >= 2.1.2 < 3
308 silly placeDep ROOT mime-db@1.52.0 OK for: mime-types@2.1.35 want: 1.52.0
309 silly placeDep ROOT ee-first@1.1.1 OK for: on-finished@2.4.1 want: 1.1.1
310 silly placeDep ROOT forwarded@0.2.0 OK for: proxy-addr@2.0.7 want: 0.2.0
311 silly placeDep ROOT ipaddr.js@1.9.1 OK for: proxy-addr@2.0.7 want: 1.9.1
312 silly placeDep ROOT es-define-property@1.0.1 OK for: qs@6.15.3 want: ^1.0.1
313 silly placeDep ROOT side-channel@1.1.1 OK for: qs@6.15.3 want: ^1.1.1
314 silly fetch manifest es-errors@^1.3.0
315 silly packumentCache full:https://registry.npmjs.org/es-errors cache-miss
316 silly fetch manifest object-inspect@^1.13.4
317 silly packumentCache full:https://registry.npmjs.org/object-inspect cache-miss
318 silly fetch manifest side-channel-list@^1.0.1
319 silly packumentCache full:https://registry.npmjs.org/side-channel-list cache-miss
320 silly fetch manifest side-channel-map@^1.0.1
321 silly packumentCache full:https://registry.npmjs.org/side-channel-map cache-miss
322 silly fetch manifest side-channel-weakmap@^1.0.2
323 silly packumentCache full:https://registry.npmjs.org/side-channel-weakmap cache-miss
324 http fetch GET 200 https://registry.npmjs.org/side-channel-list 37ms (cache miss)
325 silly packumentCache full:https://registry.npmjs.org/side-channel-list set size:undefined disposed:false
326 http fetch GET 200 https://registry.npmjs.org/es-errors 39ms (cache miss)
327 silly packumentCache full:https://registry.npmjs.org/es-errors set size:undefined disposed:false
328 http fetch GET 200 https://registry.npmjs.org/side-channel-weakmap 40ms (cache miss)
329 silly packumentCache full:https://registry.npmjs.org/side-channel-weakmap set size:undefined disposed:false
330 http fetch GET 200 https://registry.npmjs.org/side-channel-map 42ms (cache miss)
331 silly packumentCache full:https://registry.npmjs.org/side-channel-map set size:undefined disposed:false
332 http fetch GET 200 https://registry.npmjs.org/object-inspect 47ms (cache miss)
333 silly packumentCache full:https://registry.npmjs.org/object-inspect set size:undefined disposed:false
334 silly placeDep ROOT mime@1.6.0 OK for: send@0.19.2 want: 1.6.0
335 silly placeDep node_modules/send ms@2.1.3 OK for: send@0.19.2 want: 2.1.3
336 silly placeDep ROOT es-errors@1.3.0 OK for: side-channel@1.1.1 want: ^1.3.0
337 silly placeDep ROOT object-inspect@1.13.4 OK for: side-channel@1.1.1 want: ^1.13.4
338 silly placeDep ROOT side-channel-list@1.0.1 OK for: side-channel@1.1.1 want: ^1.0.1
339 silly placeDep ROOT side-channel-map@1.0.1 OK for: side-channel@1.1.1 want: ^1.0.1
340 silly placeDep ROOT side-channel-weakmap@1.0.2 OK for: side-channel@1.1.1 want: ^1.0.2
341 silly fetch manifest call-bound@^1.0.2
342 silly packumentCache full:https://registry.npmjs.org/call-bound cache-miss
343 silly fetch manifest get-intrinsic@^1.2.5
344 silly packumentCache full:https://registry.npmjs.org/get-intrinsic cache-miss
345 silly fetch manifest call-bound@^1.0.2
346 silly packumentCache full:https://registry.npmjs.org/call-bound cache-miss
347 silly fetch manifest get-intrinsic@^1.2.5
348 silly packumentCache full:https://registry.npmjs.org/get-intrinsic cache-miss
349 http fetch GET 200 https://registry.npmjs.org/call-bound 37ms (cache miss)
350 silly packumentCache full:https://registry.npmjs.org/call-bound set size:undefined disposed:false
351 http fetch GET 200 https://registry.npmjs.org/call-bound 39ms (cache miss)
352 silly packumentCache full:https://registry.npmjs.org/call-bound set size:undefined disposed:false
353 http fetch GET 200 https://registry.npmjs.org/get-intrinsic 40ms (cache miss)
354 silly packumentCache full:https://registry.npmjs.org/get-intrinsic set size:undefined disposed:false
355 http fetch GET 200 https://registry.npmjs.org/get-intrinsic 41ms (cache miss)
356 silly packumentCache full:https://registry.npmjs.org/get-intrinsic set size:undefined disposed:false
357 silly placeDep ROOT call-bound@1.0.4 OK for: side-channel-map@1.0.1 want: ^1.0.2
358 silly placeDep ROOT get-intrinsic@1.3.0 OK for: side-channel-map@1.0.1 want: ^1.2.5
359 silly fetch manifest call-bind-apply-helpers@^1.0.2
360 silly packumentCache full:https://registry.npmjs.org/call-bind-apply-helpers cache-miss
361 silly fetch manifest get-intrinsic@^1.3.0
362 silly packumentCache full:https://registry.npmjs.org/get-intrinsic cache-miss
363 silly fetch manifest gopd@^1.2.0
364 silly packumentCache full:https://registry.npmjs.org/gopd cache-miss
365 silly fetch manifest hasown@^2.0.2
366 silly packumentCache full:https://registry.npmjs.org/hasown cache-miss
367 silly fetch manifest get-proto@^1.0.1
368 silly packumentCache full:https://registry.npmjs.org/get-proto cache-miss
369 silly fetch manifest has-symbols@^1.1.0
370 silly packumentCache full:https://registry.npmjs.org/has-symbols cache-miss
371 silly fetch manifest function-bind@^1.1.2
372 silly packumentCache full:https://registry.npmjs.org/function-bind cache-miss
373 http cache https://registry.npmjs.org/get-intrinsic 15ms (cache hit)
374 silly packumentCache full:https://registry.npmjs.org/get-intrinsic set size:60985 disposed:false
375 silly fetch manifest es-object-atoms@^1.1.1
376 silly packumentCache full:https://registry.npmjs.org/es-object-atoms cache-miss
377 http fetch GET 200 https://registry.npmjs.org/function-bind 38ms (cache miss)
378 silly packumentCache full:https://registry.npmjs.org/function-bind set size:undefined disposed:false
379 silly fetch manifest math-intrinsics@^1.1.0
380 silly packumentCache full:https://registry.npmjs.org/math-intrinsics cache-miss
381 http fetch GET 200 https://registry.npmjs.org/gopd 43ms (cache miss)
382 silly packumentCache full:https://registry.npmjs.org/gopd set size:undefined disposed:false
383 silly fetch manifest call-bind-apply-helpers@^1.0.2
384 silly packumentCache full:https://registry.npmjs.org/call-bind-apply-helpers cache-miss
385 http fetch GET 200 https://registry.npmjs.org/get-proto 42ms (cache miss)
386 silly packumentCache full:https://registry.npmjs.org/get-proto set size:undefined disposed:false
387 http fetch GET 200 https://registry.npmjs.org/call-bind-apply-helpers 48ms (cache miss)
388 silly packumentCache full:https://registry.npmjs.org/call-bind-apply-helpers set size:undefined disposed:false
389 http fetch GET 200 https://registry.npmjs.org/has-symbols 48ms (cache miss)
390 silly packumentCache full:https://registry.npmjs.org/has-symbols set size:undefined disposed:false
391 http fetch GET 200 https://registry.npmjs.org/hasown 52ms (cache miss)
392 silly packumentCache full:https://registry.npmjs.org/hasown set size:undefined disposed:false
393 http fetch GET 200 https://registry.npmjs.org/es-object-atoms 41ms (cache miss)
394 silly packumentCache full:https://registry.npmjs.org/es-object-atoms set size:undefined disposed:false
395 http fetch GET 200 https://registry.npmjs.org/call-bind-apply-helpers 28ms (cache miss)
396 silly packumentCache full:https://registry.npmjs.org/call-bind-apply-helpers set size:undefined disposed:false
397 http fetch GET 200 https://registry.npmjs.org/math-intrinsics 32ms (cache miss)
398 silly packumentCache full:https://registry.npmjs.org/math-intrinsics set size:undefined disposed:false
399 silly placeDep ROOT call-bind-apply-helpers@1.0.2 OK for: call-bound@1.0.4 want: ^1.0.2
400 silly placeDep ROOT function-bind@1.1.2 OK for: call-bind-apply-helpers@1.0.2 want: ^1.1.2
401 silly placeDep ROOT es-object-atoms@1.1.2 OK for: get-intrinsic@1.3.0 want: ^1.1.1
402 silly placeDep ROOT get-proto@1.0.1 OK for: get-intrinsic@1.3.0 want: ^1.0.1
403 silly placeDep ROOT gopd@1.2.0 OK for: get-intrinsic@1.3.0 want: ^1.2.0
404 silly placeDep ROOT has-symbols@1.1.0 OK for: get-intrinsic@1.3.0 want: ^1.1.0
405 silly placeDep ROOT hasown@2.0.4 OK for: get-intrinsic@1.3.0 want: ^2.0.2
406 silly placeDep ROOT math-intrinsics@1.1.0 OK for: get-intrinsic@1.3.0 want: ^1.1.0
407 silly fetch manifest dunder-proto@^1.0.1
408 silly packumentCache full:https://registry.npmjs.org/dunder-proto cache-miss
409 http fetch GET 200 https://registry.npmjs.org/dunder-proto 30ms (cache miss)
410 silly packumentCache full:https://registry.npmjs.org/dunder-proto set size:undefined disposed:false
411 silly placeDep ROOT dunder-proto@1.0.1 OK for: get-proto@1.0.1 want: ^1.0.1
412 silly placeDep ROOT @types/node@26.0.1 OK for: stripe@17.7.0 want: >=8.1.0
413 silly fetch manifest undici-types@~8.3.0
414 silly packumentCache full:https://registry.npmjs.org/undici-types cache-miss
415 http fetch GET 200 https://registry.npmjs.org/undici-types 34ms (cache miss)
416 silly packumentCache full:https://registry.npmjs.org/undici-types set size:undefined disposed:false
417 silly placeDep ROOT undici-types@8.3.0 OK for: @types/node@26.0.1 want: ~8.3.0
418 silly placeDep ROOT media-typer@0.3.0 OK for: type-is@1.6.18 want: 0.3.0
419 silly reify moves {}
420 http cache @types/node@https://registry.npmjs.org/@types/node/-/node-26.0.1.tgz 0ms (cache hit)
421 http cache media-typer@https://registry.npmjs.org/media-typer/-/media-typer-0.3.0.tgz 0ms (cache hit)
422 http cache undici-types@https://registry.npmjs.org/undici-types/-/undici-types-8.3.0.tgz 0ms (cache hit)
423 http cache dunder-proto@https://registry.npmjs.org/dunder-proto/-/dunder-proto-1.0.1.tgz 0ms (cache hit)
424 http cache hasown@https://registry.npmjs.org/hasown/-/hasown-2.0.4.tgz 0ms (cache hit)
425 http cache has-symbols@https://registry.npmjs.org/has-symbols/-/has-symbols-1.1.0.tgz 0ms (cache hit)
426 http cache es-object-atoms@https://registry.npmjs.org/es-object-atoms/-/es-object-atoms-1.1.2.tgz 0ms (cache hit)
427 http cache function-bind@https://registry.npmjs.org/function-bind/-/function-bind-1.1.2.tgz 0ms (cache hit)
428 http cache get-intrinsic@https://registry.npmjs.org/get-intrinsic/-/get-intrinsic-1.3.0.tgz 0ms (cache hit)
429 http cache call-bind-apply-helpers@https://registry.npmjs.org/call-bind-apply-helpers/-/call-bind-apply-helpers-1.0.2.tgz 0ms (cache hit)
430 http cache side-channel-weakmap@https://registry.npmjs.org/side-channel-weakmap/-/side-channel-weakmap-1.0.2.tgz 0ms (cache hit)
431 http cache side-channel-map@https://registry.npmjs.org/side-channel-map/-/side-channel-map-1.0.1.tgz 0ms (cache hit)
432 http cache call-bound@https://registry.npmjs.org/call-bound/-/call-bound-1.0.4.tgz 0ms (cache hit)
433 http cache gopd@https://registry.npmjs.org/gopd/-/gopd-1.2.0.tgz 0ms (cache hit)
434 http cache side-channel-list@https://registry.npmjs.org/side-channel-list/-/side-channel-list-1.0.1.tgz 0ms (cache hit)
435 http cache get-proto@https://registry.npmjs.org/get-proto/-/get-proto-1.0.1.tgz 0ms (cache hit)
436 http cache math-intrinsics@https://registry.npmjs.org/math-intrinsics/-/math-intrinsics-1.1.0.tgz 0ms (cache hit)
437 http cache object-inspect@https://registry.npmjs.org/object-inspect/-/object-inspect-1.13.4.tgz 0ms (cache hit)
438 http cache mime@https://registry.npmjs.org/mime/-/mime-1.6.0.tgz 0ms (cache hit)
439 http cache side-channel@https://registry.npmjs.org/side-channel/-/side-channel-1.1.1.tgz 0ms (cache hit)
440 http cache forwarded@https://registry.npmjs.org/forwarded/-/forwarded-0.2.0.tgz 0ms (cache hit)
441 http cache ee-first@https://registry.npmjs.org/ee-first/-/ee-first-1.1.1.tgz 0ms (cache hit)
442 http cache mime-db@https://registry.npmjs.org/mime-db/-/mime-db-1.52.0.tgz 0ms (cache hit)
443 http cache ipaddr.js@https://registry.npmjs.org/ipaddr.js/-/ipaddr.js-1.9.1.tgz 0ms (cache hit)
444 http cache inherits@https://registry.npmjs.org/inherits/-/inherits-2.0.4.tgz 0ms (cache hit)
445 http cache safer-buffer@https://registry.npmjs.org/safer-buffer/-/safer-buffer-2.1.2.tgz 0ms (cache hit)
446 http cache toidentifier@https://registry.npmjs.org/toidentifier/-/toidentifier-1.0.1.tgz 0ms (cache hit)
447 http cache unpipe@https://registry.npmjs.org/unpipe/-/unpipe-1.0.0.tgz 0ms (cache hit)
448 http cache ms@https://registry.npmjs.org/ms/-/ms-2.0.0.tgz 0ms (cache hit)
449 http cache es-define-property@https://registry.npmjs.org/es-define-property/-/es-define-property-1.0.1.tgz 0ms (cache hit)
450 http cache raw-body@https://registry.npmjs.org/raw-body/-/raw-body-2.5.3.tgz 0ms (cache hit)
451 http cache negotiator@https://registry.npmjs.org/negotiator/-/negotiator-0.6.3.tgz 0ms (cache hit)
452 http cache bytes@https://registry.npmjs.org/bytes/-/bytes-3.1.2.tgz 0ms (cache hit)
453 http cache destroy@https://registry.npmjs.org/destroy/-/destroy-1.2.0.tgz 0ms (cache hit)
454 http cache mime-types@https://registry.npmjs.org/mime-types/-/mime-types-2.1.35.tgz 0ms (cache hit)
455 http cache vary@https://registry.npmjs.org/vary/-/vary-1.1.2.tgz 0ms (cache hit)
456 http cache iconv-lite@https://registry.npmjs.org/iconv-lite/-/iconv-lite-0.4.24.tgz 0ms (cache hit)
457 http cache es-errors@https://registry.npmjs.org/es-errors/-/es-errors-1.3.0.tgz 0ms (cache hit)
458 http cache serve-static@https://registry.npmjs.org/serve-static/-/serve-static-1.16.3.tgz 0ms (cache hit)
459 http cache statuses@https://registry.npmjs.org/statuses/-/statuses-2.0.2.tgz 0ms (cache hit)
460 http cache type-is@https://registry.npmjs.org/type-is/-/type-is-1.6.18.tgz 0ms (cache hit)
461 http cache setprototypeof@https://registry.npmjs.org/setprototypeof/-/setprototypeof-1.2.0.tgz 0ms (cache hit)
462 http cache send@https://registry.npmjs.org/send/-/send-0.19.2.tgz 0ms (cache hit)
463 http cache safe-buffer@https://registry.npmjs.org/safe-buffer/-/safe-buffer-5.2.1.tgz 0ms (cache hit)
464 http cache range-parser@https://registry.npmjs.org/range-parser/-/range-parser-1.2.1.tgz 0ms (cache hit)
465 http cache path-to-regexp@https://registry.npmjs.org/path-to-regexp/-/path-to-regexp-0.1.13.tgz 0ms (cache hit)
466 http cache utils-merge@https://registry.npmjs.org/utils-merge/-/utils-merge-1.0.1.tgz 0ms (cache hit)
467 http cache parseurl@https://registry.npmjs.org/parseurl/-/parseurl-1.3.3.tgz 0ms (cache hit)
468 http cache methods@https://registry.npmjs.org/methods/-/methods-1.1.2.tgz 0ms (cache hit)
469 http cache merge-descriptors@https://registry.npmjs.org/merge-descriptors/-/merge-descriptors-1.0.3.tgz 0ms (cache hit)
470 http cache fresh@https://registry.npmjs.org/fresh/-/fresh-0.5.2.tgz 1ms (cache hit)
471 http cache proxy-addr@https://registry.npmjs.org/proxy-addr/-/proxy-addr-2.0.7.tgz 0ms (cache hit)
472 http cache http-errors@https://registry.npmjs.org/http-errors/-/http-errors-2.0.1.tgz 0ms (cache hit)
473 http cache qs@https://registry.npmjs.org/qs/-/qs-6.15.3.tgz 0ms (cache hit)
474 http cache on-finished@https://registry.npmjs.org/on-finished/-/on-finished-2.4.1.tgz 0ms (cache hit)
475 http cache debug@https://registry.npmjs.org/debug/-/debug-2.6.9.tgz 0ms (cache hit)
476 http cache depd@https://registry.npmjs.org/depd/-/depd-2.0.0.tgz 0ms (cache hit)
477 http cache encodeurl@https://registry.npmjs.org/encodeurl/-/encodeurl-2.0.0.tgz 0ms (cache hit)
478 http cache etag@https://registry.npmjs.org/etag/-/etag-1.8.1.tgz 0ms (cache hit)
479 http cache finalhandler@https://registry.npmjs.org/finalhandler/-/finalhandler-1.3.2.tgz 0ms (cache hit)
480 http cache cookie-signature@https://registry.npmjs.org/cookie-signature/-/cookie-signature-1.0.7.tgz 0ms (cache hit)
481 http cache escape-html@https://registry.npmjs.org/escape-html/-/escape-html-1.0.3.tgz 0ms (cache hit)
482 http cache body-parser@https://registry.npmjs.org/body-parser/-/body-parser-1.20.5.tgz 0ms (cache hit)
483 http cache cookie@https://registry.npmjs.org/cookie/-/cookie-0.7.2.tgz 0ms (cache hit)
484 http cache content-disposition@https://registry.npmjs.org/content-disposition/-/content-disposition-0.5.4.tgz 0ms (cache hit)
485 http cache array-flatten@https://registry.npmjs.org/array-flatten/-/array-flatten-1.1.1.tgz 0ms (cache hit)
486 http cache accepts@https://registry.npmjs.org/accepts/-/accepts-1.3.8.tgz 0ms (cache hit)
487 http cache content-type@https://registry.npmjs.org/content-type/-/content-type-1.0.5.tgz 0ms (cache hit)
488 silly tarball no local data for @types/node@https://registry.npmjs.org/@types/node/-/node-26.0.1.tgz. Extracting by manifest.
489 http cache stripe@https://registry.npmjs.org/stripe/-/stripe-17.7.0.tgz 0ms (cache hit)
490 silly tarball no local data for media-typer@https://registry.npmjs.org/media-typer/-/media-typer-0.3.0.tgz. Extracting by manifest.
491 http cache ms@https://registry.npmjs.org/ms/-/ms-2.1.3.tgz 0ms (cache hit)
492 http cache express@https://registry.npmjs.org/express/-/express-4.22.2.tgz 0ms (cache hit)
493 silly tarball no local data for undici-types@https://registry.npmjs.org/undici-types/-/undici-types-8.3.0.tgz. Extracting by manifest.
494 silly tarball no local data for dunder-proto@https://registry.npmjs.org/dunder-proto/-/dunder-proto-1.0.1.tgz. Extracting by manifest.
495 silly tarball no local data for hasown@https://registry.npmjs.org/hasown/-/hasown-2.0.4.tgz. Extracting by manifest.
496 silly tarball no local data for has-symbols@https://registry.npmjs.org/has-symbols/-/has-symbols-1.1.0.tgz. Extracting by manifest.
497 silly tarball no local data for es-object-atoms@https://registry.npmjs.org/es-object-atoms/-/es-object-atoms-1.1.2.tgz. Extracting by manifest.
498 silly tarball no local data for function-bind@https://registry.npmjs.org/function-bind/-/function-bind-1.1.2.tgz. Extracting by manifest.
499 silly tarball no local data for get-intrinsic@https://registry.npmjs.org/get-intrinsic/-/get-intrinsic-1.3.0.tgz. Extracting by manifest.
500 silly tarball no local data for call-bind-apply-helpers@https://registry.npmjs.org/call-bind-apply-helpers/-/call-bind-apply-helpers-1.0.2.tgz. Extracting by manifest.
501 silly tarball no local data for side-channel-weakmap@https://registry.npmjs.org/side-channel-weakmap/-/side-channel-weakmap-1.0.2.tgz. Extracting by manifest.
502 silly tarball no local data for side-channel-map@https://registry.npmjs.org/side-channel-map/-/side-channel-map-1.0.1.tgz. Extracting by manifest.
503 silly tarball no local data for call-bound@https://registry.npmjs.org/call-bound/-/call-bound-1.0.4.tgz. Extracting by manifest.
504 silly tarball no local data for gopd@https://registry.npmjs.org/gopd/-/gopd-1.2.0.tgz. Extracting by manifest.
505 silly tarball no local data for side-channel-list@https://registry.npmjs.org/side-channel-list/-/side-channel-list-1.0.1.tgz. Extracting by manifest.
506 silly tarball no local data for get-proto@https://registry.npmjs.org/get-proto/-/get-proto-1.0.1.tgz. Extracting by manifest.
507 silly tarball no local data for math-intrinsics@https://registry.npmjs.org/math-intrinsics/-/math-intrinsics-1.1.0.tgz. Extracting by manifest.
508 silly tarball no local data for object-inspect@https://registry.npmjs.org/object-inspect/-/object-inspect-1.13.4.tgz. Extracting by manifest.
509 silly tarball no local data for mime@https://registry.npmjs.org/mime/-/mime-1.6.0.tgz. Extracting by manifest.
510 silly tarball no local data for side-channel@https://registry.npmjs.org/side-channel/-/side-channel-1.1.1.tgz. Extracting by manifest.
511 silly tarball no local data for forwarded@https://registry.npmjs.org/forwarded/-/forwarded-0.2.0.tgz. Extracting by manifest.
512 silly tarball no local data for ee-first@https://registry.npmjs.org/ee-first/-/ee-first-1.1.1.tgz. Extracting by manifest.
513 silly tarball no local data for mime-db@https://registry.npmjs.org/mime-db/-/mime-db-1.52.0.tgz. Extracting by manifest.
514 silly tarball no local data for ipaddr.js@https://registry.npmjs.org/ipaddr.js/-/ipaddr.js-1.9.1.tgz. Extracting by manifest.
515 silly tarball no local data for inherits@https://registry.npmjs.org/inherits/-/inherits-2.0.4.tgz. Extracting by manifest.
516 silly tarball no local data for safer-buffer@https://registry.npmjs.org/safer-buffer/-/safer-buffer-2.1.2.tgz. Extracting by manifest.
517 silly tarball no local data for toidentifier@https://registry.npmjs.org/toidentifier/-/toidentifier-1.0.1.tgz. Extracting by manifest.
518 silly tarball no local data for unpipe@https://registry.npmjs.org/unpipe/-/unpipe-1.0.0.tgz. Extracting by manifest.
519 silly tarball no local data for ms@https://registry.npmjs.org/ms/-/ms-2.0.0.tgz. Extracting by manifest.
520 silly tarball no local data for es-define-property@https://registry.npmjs.org/es-define-property/-/es-define-property-1.0.1.tgz. Extracting by manifest.
521 silly tarball no local data for raw-body@https://registry.npmjs.org/raw-body/-/raw-body-2.5.3.tgz. Extracting by manifest.
522 silly tarball no local data for negotiator@https://registry.npmjs.org/negotiator/-/negotiator-0.6.3.tgz. Extracting by manifest.
523 silly tarball no local data for bytes@https://registry.npmjs.org/bytes/-/bytes-3.1.2.tgz. Extracting by manifest.
524 silly tarball no local data for destroy@https://registry.npmjs.org/destroy/-/destroy-1.2.0.tgz. Extracting by manifest.
525 silly tarball no local data for mime-types@https://registry.npmjs.org/mime-types/-/mime-types-2.1.35.tgz. Extracting by manifest.
526 silly tarball no local data for vary@https://registry.npmjs.org/vary/-/vary-1.1.2.tgz. Extracting by manifest.
527 silly tarball no local data for iconv-lite@https://registry.npmjs.org/iconv-lite/-/iconv-lite-0.4.24.tgz. Extracting by manifest.
528 silly tarball no local data for es-errors@https://registry.npmjs.org/es-errors/-/es-errors-1.3.0.tgz. Extracting by manifest.
529 silly tarball no local data for serve-static@https://registry.npmjs.org/serve-static/-/serve-static-1.16.3.tgz. Extracting by manifest.
530 silly tarball no local data for statuses@https://registry.npmjs.org/statuses/-/statuses-2.0.2.tgz. Extracting by manifest.
531 silly tarball no local data for type-is@https://registry.npmjs.org/type-is/-/type-is-1.6.18.tgz. Extracting by manifest.
532 silly tarball no local data for setprototypeof@https://registry.npmjs.org/setprototypeof/-/setprototypeof-1.2.0.tgz. Extracting by manifest.
533 silly tarball no local data for send@https://registry.npmjs.org/send/-/send-0.19.2.tgz. Extracting by manifest.
534 silly tarball no local data for safe-buffer@https://registry.npmjs.org/safe-buffer/-/safe-buffer-5.2.1.tgz. Extracting by manifest.
535 silly tarball no local data for range-parser@https://registry.npmjs.org/range-parser/-/range-parser-1.2.1.tgz. Extracting by manifest.
536 silly tarball no local data for path-to-regexp@https://registry.npmjs.org/path-to-regexp/-/path-to-regexp-0.1.13.tgz. Extracting by manifest.
537 silly tarball no local data for utils-merge@https://registry.npmjs.org/utils-merge/-/utils-merge-1.0.1.tgz. Extracting by manifest.
538 silly tarball no local data for parseurl@https://registry.npmjs.org/parseurl/-/parseurl-1.3.3.tgz. Extracting by manifest.
539 silly tarball no local data for methods@https://registry.npmjs.org/methods/-/methods-1.1.2.tgz. Extracting by manifest.
540 silly tarball no local data for merge-descriptors@https://registry.npmjs.org/merge-descriptors/-/merge-descriptors-1.0.3.tgz. Extracting by manifest.
541 silly tarball no local data for fresh@https://registry.npmjs.org/fresh/-/fresh-0.5.2.tgz. Extracting by manifest.
542 silly tarball no local data for proxy-addr@https://registry.npmjs.org/proxy-addr/-/proxy-addr-2.0.7.tgz. Extracting by manifest.
543 silly tarball no local data for http-errors@https://registry.npmjs.org/http-errors/-/http-errors-2.0.1.tgz. Extracting by manifest.
544 silly tarball no local data for qs@https://registry.npmjs.org/qs/-/qs-6.15.3.tgz. Extracting by manifest.
545 silly tarball no local data for on-finished@https://registry.npmjs.org/on-finished/-/on-finished-2.4.1.tgz. Extracting by manifest.
546 silly tarball no local data for debug@https://registry.npmjs.org/debug/-/debug-2.6.9.tgz. Extracting by manifest.
547 silly tarball no local data for depd@https://registry.npmjs.org/depd/-/depd-2.0.0.tgz. Extracting by manifest.
548 silly tarball no local data for encodeurl@https://registry.npmjs.org/encodeurl/-/encodeurl-2.0.0.tgz. Extracting by manifest.
549 silly tarball no local data for etag@https://registry.npmjs.org/etag/-/etag-1.8.1.tgz. Extracting by manifest.
550 silly tarball no local data for finalhandler@https://registry.npmjs.org/finalhandler/-/finalhandler-1.3.2.tgz. Extracting by manifest.
551 silly tarball no local data for cookie-signature@https://registry.npmjs.org/cookie-signature/-/cookie-signature-1.0.7.tgz. Extracting by manifest.
552 silly tarball no local data for escape-html@https://registry.npmjs.org/escape-html/-/escape-html-1.0.3.tgz. Extracting by manifest.
553 silly tarball no local data for body-parser@https://registry.npmjs.org/body-parser/-/body-parser-1.20.5.tgz. Extracting by manifest.
554 silly tarball no local data for cookie@https://registry.npmjs.org/cookie/-/cookie-0.7.2.tgz. Extracting by manifest.
555 silly tarball no local data for content-disposition@https://registry.npmjs.org/content-disposition/-/content-disposition-0.5.4.tgz. Extracting by manifest.
556 silly tarball no local data for array-flatten@https://registry.npmjs.org/array-flatten/-/array-flatten-1.1.1.tgz. Extracting by manifest.
557 silly tarball no local data for accepts@https://registry.npmjs.org/accepts/-/accepts-1.3.8.tgz. Extracting by manifest.
558 silly tarball no local data for content-type@https://registry.npmjs.org/content-type/-/content-type-1.0.5.tgz. Extracting by manifest.
559 silly tarball no local data for stripe@https://registry.npmjs.org/stripe/-/stripe-17.7.0.tgz. Extracting by manifest.
560 silly tarball no local data for ms@https://registry.npmjs.org/ms/-/ms-2.1.3.tgz. Extracting by manifest.
561 silly tarball no local data for express@https://registry.npmjs.org/express/-/express-4.22.2.tgz. Extracting by manifest.
562 http fetch GET 200 https://registry.npmjs.org/has-symbols/-/has-symbols-1.1.0.tgz 330ms (cache miss)
563 http fetch GET 200 https://registry.npmjs.org/media-typer/-/media-typer-0.3.0.tgz 384ms (cache miss)
564 http fetch GET 200 https://registry.npmjs.org/side-channel/-/side-channel-1.1.1.tgz 370ms (cache miss)
565 http fetch GET 200 https://registry.npmjs.org/forwarded/-/forwarded-0.2.0.tgz 380ms (cache miss)
566 http fetch GET 200 https://registry.npmjs.org/ee-first/-/ee-first-1.1.1.tgz 383ms (cache miss)
567 http fetch GET 200 https://registry.npmjs.org/toidentifier/-/toidentifier-1.0.1.tgz 413ms (cache miss)
568 http fetch GET 200 https://registry.npmjs.org/inherits/-/inherits-2.0.4.tgz 432ms (cache miss)
569 http fetch GET 200 https://registry.npmjs.org/negotiator/-/negotiator-0.6.3.tgz 426ms (cache miss)
570 http fetch GET 200 https://registry.npmjs.org/unpipe/-/unpipe-1.0.0.tgz 442ms (cache miss)
571 http fetch GET 200 https://registry.npmjs.org/ms/-/ms-2.0.0.tgz 443ms (cache miss)
572 http fetch GET 200 https://registry.npmjs.org/raw-body/-/raw-body-2.5.3.tgz 450ms (cache miss)
573 http fetch GET 200 https://registry.npmjs.org/destroy/-/destroy-1.2.0.tgz 455ms (cache miss)
574 http fetch GET 200 https://registry.npmjs.org/range-parser/-/range-parser-1.2.1.tgz 448ms (cache miss)
575 http fetch GET 200 https://registry.npmjs.org/send/-/send-0.19.2.tgz 451ms (cache miss)
576 http fetch GET 200 https://registry.npmjs.org/mime-types/-/mime-types-2.1.35.tgz 463ms (cache miss)
577 http fetch GET 200 https://registry.npmjs.org/type-is/-/type-is-1.6.18.tgz 460ms (cache miss)
578 http fetch GET 200 https://registry.npmjs.org/bytes/-/bytes-3.1.2.tgz 467ms (cache miss)
579 http fetch GET 200 https://registry.npmjs.org/encodeurl/-/encodeurl-2.0.0.tgz 449ms (cache miss)
580 http fetch GET 200 https://registry.npmjs.org/merge-descriptors/-/merge-descriptors-1.0.3.tgz 461ms (cache miss)
581 http fetch GET 200 https://registry.npmjs.org/safe-buffer/-/safe-buffer-5.2.1.tgz 474ms (cache miss)
582 http fetch GET 200 https://registry.npmjs.org/path-to-regexp/-/path-to-regexp-0.1.13.tgz 473ms (cache miss)
583 http fetch GET 200 https://registry.npmjs.org/methods/-/methods-1.1.2.tgz 473ms (cache miss)
584 http fetch GET 200 https://registry.npmjs.org/cookie-signature/-/cookie-signature-1.0.7.tgz 465ms (cache miss)
585 http fetch GET 200 https://registry.npmjs.org/ipaddr.js/-/ipaddr.js-1.9.1.tgz 497ms (cache miss)
586 http fetch GET 200 https://registry.npmjs.org/vary/-/vary-1.1.2.tgz 488ms (cache miss)
587 http fetch GET 200 https://registry.npmjs.org/parseurl/-/parseurl-1.3.3.tgz 480ms (cache miss)
588 http fetch GET 200 https://registry.npmjs.org/fresh/-/fresh-0.5.2.tgz 483ms (cache miss)
589 http fetch GET 200 https://registry.npmjs.org/escape-html/-/escape-html-1.0.3.tgz 477ms (cache miss)
590 http fetch GET 200 https://registry.npmjs.org/utils-merge/-/utils-merge-1.0.1.tgz 489ms (cache miss)
591 http fetch GET 200 https://registry.npmjs.org/setprototypeof/-/setprototypeof-1.2.0.tgz 497ms (cache miss)
592 http fetch GET 200 https://registry.npmjs.org/etag/-/etag-1.8.1.tgz 486ms (cache miss)
593 http fetch GET 200 https://registry.npmjs.org/body-parser/-/body-parser-1.20.5.tgz 484ms (cache miss)
594 http fetch GET 200 https://registry.npmjs.org/cookie/-/cookie-0.7.2.tgz 488ms (cache miss)
595 http fetch GET 200 https://registry.npmjs.org/safer-buffer/-/safer-buffer-2.1.2.tgz 521ms (cache miss)
596 http fetch GET 200 https://registry.npmjs.org/content-type/-/content-type-1.0.5.tgz 488ms (cache miss)
597 http fetch GET 200 https://registry.npmjs.org/statuses/-/statuses-2.0.2.tgz 512ms (cache miss)
598 http fetch GET 200 https://registry.npmjs.org/array-flatten/-/array-flatten-1.1.1.tgz 494ms (cache miss)
599 http fetch GET 200 https://registry.npmjs.org/ms/-/ms-2.1.3.tgz 489ms (cache miss)
600 http fetch GET 200 https://registry.npmjs.org/finalhandler/-/finalhandler-1.3.2.tgz 502ms (cache miss)
601 http fetch GET 200 https://registry.npmjs.org/hasown/-/hasown-2.0.4.tgz 551ms (cache miss)
602 http fetch GET 200 https://registry.npmjs.org/mime-db/-/mime-db-1.52.0.tgz 540ms (cache miss)
603 http fetch GET 200 https://registry.npmjs.org/serve-static/-/serve-static-1.16.3.tgz 544ms (cache miss)
604 http fetch GET 200 https://registry.npmjs.org/on-finished/-/on-finished-2.4.1.tgz 534ms (cache miss)
605 http fetch GET 200 https://registry.npmjs.org/proxy-addr/-/proxy-addr-2.0.7.tgz 540ms (cache miss)
606 http fetch GET 200 https://registry.npmjs.org/mime/-/mime-1.6.0.tgz 572ms (cache miss)
607 http fetch GET 200 https://registry.npmjs.org/http-errors/-/http-errors-2.0.1.tgz 553ms (cache miss)
608 http fetch GET 200 https://registry.npmjs.org/content-disposition/-/content-disposition-0.5.4.tgz 550ms (cache miss)
609 http fetch GET 200 https://registry.npmjs.org/accepts/-/accepts-1.3.8.tgz 550ms (cache miss)
610 http fetch GET 200 https://registry.npmjs.org/es-define-property/-/es-define-property-1.0.1.tgz 589ms (cache miss)
611 http fetch GET 200 https://registry.npmjs.org/depd/-/depd-2.0.0.tgz 569ms (cache miss)
612 http fetch GET 200 https://registry.npmjs.org/side-channel-weakmap/-/side-channel-weakmap-1.0.2.tgz 610ms (cache miss)
613 http fetch GET 200 https://registry.npmjs.org/side-channel-map/-/side-channel-map-1.0.1.tgz 611ms (cache miss)
614 http fetch GET 200 https://registry.npmjs.org/call-bound/-/call-bound-1.0.4.tgz 614ms (cache miss)
615 http fetch GET 200 https://registry.npmjs.org/gopd/-/gopd-1.2.0.tgz 616ms (cache miss)
616 http fetch GET 200 https://registry.npmjs.org/get-intrinsic/-/get-intrinsic-1.3.0.tgz 620ms (cache miss)
617 http fetch GET 200 https://registry.npmjs.org/get-proto/-/get-proto-1.0.1.tgz 624ms (cache miss)
618 http fetch GET 200 https://registry.npmjs.org/function-bind/-/function-bind-1.1.2.tgz 630ms (cache miss)
619 http fetch GET 200 https://registry.npmjs.org/side-channel-list/-/side-channel-list-1.0.1.tgz 627ms (cache miss)
620 http fetch GET 200 https://registry.npmjs.org/dunder-proto/-/dunder-proto-1.0.1.tgz 639ms (cache miss)
621 http fetch GET 200 https://registry.npmjs.org/es-object-atoms/-/es-object-atoms-1.1.2.tgz 637ms (cache miss)
622 http fetch GET 200 https://registry.npmjs.org/debug/-/debug-2.6.9.tgz 637ms (cache miss)
623 http fetch GET 200 https://registry.npmjs.org/call-bind-apply-helpers/-/call-bind-apply-helpers-1.0.2.tgz 676ms (cache miss)
624 http fetch GET 200 https://registry.npmjs.org/es-errors/-/es-errors-1.3.0.tgz 662ms (cache miss)
625 http fetch GET 200 https://registry.npmjs.org/qs/-/qs-6.15.3.tgz 680ms (cache miss)
626 http fetch GET 200 https://registry.npmjs.org/math-intrinsics/-/math-intrinsics-1.1.0.tgz 729ms (cache miss)
627 http fetch GET 200 https://registry.npmjs.org/express/-/express-4.22.2.tgz 686ms (cache miss)
628 http fetch GET 200 https://registry.npmjs.org/iconv-lite/-/iconv-lite-0.4.24.tgz 735ms (cache miss)
629 http fetch GET 200 https://registry.npmjs.org/object-inspect/-/object-inspect-1.13.4.tgz 752ms (cache miss)
630 http fetch GET 200 https://registry.npmjs.org/undici-types/-/undici-types-8.3.0.tgz 768ms (cache miss)
631 http fetch GET 200 https://registry.npmjs.org/@types/node/-/node-26.0.1.tgz 914ms (cache miss)
632 http fetch GET 200 https://registry.npmjs.org/stripe/-/stripe-17.7.0.tgz 3374ms (cache miss)
633 silly ADD node_modules/media-typer
634 silly ADD node_modules/undici-types
635 silly ADD node_modules/@types/node
636 silly ADD node_modules/dunder-proto
637 silly ADD node_modules/math-intrinsics
638 silly ADD node_modules/hasown
639 silly ADD node_modules/has-symbols
640 silly ADD node_modules/gopd
641 silly ADD node_modules/get-proto
642 silly ADD node_modules/es-object-atoms
643 silly ADD node_modules/function-bind
644 silly ADD node_modules/call-bind-apply-helpers
645 silly ADD node_modules/get-intrinsic
646 silly ADD node_modules/call-bound
647 silly ADD node_modules/side-channel-weakmap
648 silly ADD node_modules/side-channel-map
649 silly ADD node_modules/side-channel-list
650 silly ADD node_modules/object-inspect
651 silly ADD node_modules/es-errors
652 silly ADD node_modules/mime
653 silly ADD node_modules/side-channel
654 silly ADD node_modules/es-define-property
655 silly ADD node_modules/ipaddr.js
656 silly ADD node_modules/forwarded
657 silly ADD node_modules/ee-first
658 silly ADD node_modules/mime-db
659 silly ADD node_modules/safer-buffer
660 silly ADD node_modules/toidentifier
661 silly ADD node_modules/inherits
662 silly ADD node_modules/ms
663 silly ADD node_modules/unpipe
664 silly ADD node_modules/raw-body
665 silly ADD node_modules/iconv-lite
666 silly ADD node_modules/destroy
667 silly ADD node_modules/bytes
668 silly ADD node_modules/negotiator
669 silly ADD node_modules/mime-types
670 silly ADD node_modules/vary
671 silly ADD node_modules/utils-merge
672 silly ADD node_modules/type-is
673 silly ADD node_modules/statuses
674 silly ADD node_modules/setprototypeof
675 silly ADD node_modules/serve-static
676 silly ADD node_modules/send
677 silly ADD node_modules/send/node_modules/ms
678 silly ADD node_modules/safe-buffer
679 silly ADD node_modules/range-parser
680 silly ADD node_modules/qs
681 silly ADD node_modules/proxy-addr
682 silly ADD node_modules/path-to-regexp
683 silly ADD node_modules/parseurl
684 silly ADD node_modules/on-finished
685 silly ADD node_modules/methods
686 silly ADD node_modules/merge-descriptors
687 silly ADD node_modules/http-errors
688 silly ADD node_modules/fresh
689 silly ADD node_modules/finalhandler
690 silly ADD node_modules/etag
691 silly ADD node_modules/escape-html
692 silly ADD node_modules/encodeurl
693 silly ADD node_modules/depd
694 silly ADD node_modules/debug
695 silly ADD node_modules/cookie-signature
696 silly ADD node_modules/cookie
697 silly ADD node_modules/content-type
698 silly ADD node_modules/content-disposition
699 silly ADD node_modules/body-parser
700 silly ADD node_modules/array-flatten
701 silly ADD node_modules/accepts
702 silly ADD node_modules/stripe
703 silly ADD node_modules/express
704 verbose cwd C:\Users\clash\Prince Jodhan
705 verbose os Windows_NT 10.0.26200
706 verbose node v24.14.1
707 verbose npm  v11.11.0
708 notice
708 notice New minor version of npm available! 11.11.0 -> 11.17.0
708 notice Changelog: https://github.com/npm/cli/releases/tag/v11.17.0
708 notice To update run: npm install -g npm@11.17.0
708 notice  { force: true, Symbol(proc-log.meta): true }
709 verbose exit 0
710 info ok
